01-24 11:25:57.005  8935  8968 D mali_winsys: EGLint new_window_surface(egl_winsys_display *, void *, EGLSurface, EGLConfig, egl_winsys_surface **, EGLBoolean) returns 0x3000,  [720x1280]-format:1
01-24 11:25:57.005  8935  8968 D OpenGLRenderer: eglCreateWindowSurface = 0xe1c1a260, 0xe8de7808
01-24 11:25:57.010  8935  8935 D InputMethodManager: prepareNavigationBarInfo() DecorView@67813a8[MainActivity]
01-24 11:25:57.010  8935  8935 D InputMethodManager: getNavigationBarColor() -855310
01-24 11:25:57.010  8935  8935 V InputMethodManager: Starting input: tba=com.skku.grad ic=null mNaviBarColor -855310 mIsGetNaviBarColorSuccess true , NavVisible : true , NavTrans : false
01-24 11:25:57.010  8935  8935 D InputMethodManager: startInputInner - Id : 0
01-24 11:25:57.010  8935  8935 I InputMethodManager: startInputInner - mService.startInputOrWindowGainedFocus
01-24 11:25:57.019  8935  8935 D InputTransport: Input channel constructed: fd=76
01-24 11:26:01.564  8935  8935 I System.out: #processData:,37.5532951, 127.0096644
01-24 11:26:01.564  8935  8935 I System.out: #out station :, -1
01-24 11:26:04.920  8935  8935 I System.out: #processData:,37.5530708, 127.009498
01-24 11:26:04.920  8935  8935 I System.out: #out station :, -1
01-24 11:26:11.020  8935  8935 I System.out: #processData:,37.5527253, 127.0088862
01-24 11:26:11.020  8935  8935 I System.out: #out station :, -1
01-24 11:26:15.990  8935  8935 I System.out: #processData:,37.5524014, 127.008697
01-24 11:26:15.990  8935  8935 I System.out: #out station :, -1
01-24 11:26:21.046  8935  8935 I System.out: #processData:,37.5521208, 127.0084144
01-24 11:26:21.046  8935  8935 I System.out: #out station :, -1
01-24 11:26:26.300  8935  8935 I System.out: #processData:,37.5528153, 127.0102614
01-24 11:26:26.301  8935  8935 I System.out: #out station :, -1
01-24 11:26:29.931  8935  8935 I System.out: #processData:,37.5530809, 127.0109726
01-24 11:26:29.931  8935  8935 I System.out: #out station :, -1
01-24 11:26:36.959  8935  8935 I System.out: #processData:,37.5507037, 127.007582
01-24 11:26:36.959  8935  8935 I System.out: #out station :, -1
01-24 11:26:41.871  8935  8935 I System.out: #processData:,37.5503106, 127.0075992
01-24 11:26:41.872  8935  8935 I System.out: #out station :, -1
01-24 11:26:46.868  8935  8935 I System.out: #processData:,37.5498374, 127.0074646
01-24 11:26:46.868  8935  8935 I System.out: #out station :, -1
01-24 11:26:51.895  8935  8935 I System.out: #processData:,37.5493707, 127.0074736
01-24 11:26:51.895  8935  8935 I System.out: #out station :, -1
01-24 11:26:56.907  8935  8935 I System.out: #processData:,37.5489289, 127.0074434
01-24 11:26:56.907  8935  8935 I System.out: #out station :, -1
01-24 11:27:02.219  8935  8935 I System.out: #processData:,37.548322, 127.0072278
01-24 11:27:02.219  8935  8935 I System.out: #out station :, -1
01-24 11:27:05.877  8935  8935 I System.out: #processData:,37.5480005, 127.006999
01-24 11:27:05.877  8935  8935 I System.out: #out station :, -1
01-24 11:27:12.501  8935  8935 I System.out: #processData:,37.5475969, 127.0063129
01-24 11:27:12.501  8935  8935 I System.out: #out station :, -1
01-24 11:27:17.503  8935  8935 I System.out: #processData:,37.5476475, 127.0061748
01-24 11:27:17.503  8935  8935 I System.out: #out station :, -1
01-24 11:27:22.496  8935  8935 I System.out: #processData:,37.5476562, 127.0064429
01-24 11:27:22.496  8935  8935 I System.out: #out station :, -1
01-24 11:27:27.464  8935  8935 I System.out: #processData:,37.5475702, 127.0063835
01-24 11:27:27.464  8935  8935 I System.out: #out station :, -1
01-24 11:27:32.665  8935  8935 I System.out: #processData:,37.5475755, 127.0067231
01-24 11:27:32.665  8935  8935 I System.out: #out station :, -1
01-24 11:27:38.453  8935  8935 I System.out: #processData:,37.5473747, 127.0060012
01-24 11:27:38.453  8935  8935 I System.out: #out station :, -1
01-24 11:27:43.193  8935  8935 I System.out: #processData:,37.5473152, 127.0057244
01-24 11:27:43.193  8935  8935 I System.out: #out station :, -1
01-24 11:27:48.480  8935  8935 I System.out: #processData:,37.5471729, 127.0055591
01-24 11:27:48.481  8935  8935 I System.out: #out station :, -1
01-24 11:27:53.285  8935  8935 I System.out: #processData:,37.5472202, 127.0054394
01-24 11:27:53.286  8935  8935 I System.out: #out station :, -1
01-24 11:27:56.713  8935  8935 D InputMethodManager: prepareNavigationBarInfo() DecorView@67813a8[MainActivity]
01-24 11:27:56.716  8935  8935 D InputMethodManager: getNavigationBarColor() -855310
01-24 11:27:56.716  8935  8935 V InputMethodManager: Starting input: tba=com.skku.grad ic=null mNaviBarColor -855310 mIsGetNaviBarColorSuccess true , NavVisible : true , NavTrans : false
01-24 11:27:56.717  8935  8935 D InputMethodManager: startInputInner - Id : 0
01-24 11:27:56.718  8935  8935 I InputMethodManager: startInputInner - mService.startInputOrWindowGainedFocus
01-24 11:27:56.734  8935  8935 D InputTransport: Input channel constructed: fd=77
01-24 11:27:56.734  8935  8935 D InputTransport: Input channel destroyed: fd=76
01-24 11:27:57.047  8935  8935 D ViewRootImpl@7ce9c5e[MainActivity]: stopped(true) old=false
01-24 11:27:57.778  8935  8968 W libEGL  : EGLNativeWindowType 0xe8de7808 disconnect failed
01-24 11:27:57.779  8935  8968 D OpenGLRenderer: eglDestroySurface = 0xe1c1a260, 0xe8de7800
01-24 11:27:57.808  8935  8935 D ViewRootImpl@7ce9c5e[MainActivity]: Relayout returned: old=[0,0][720,1280] new=[0,0][720,1280] result=0x5 surface={false 0} changed=false
01-24 11:27:57.808  8935  8935 D ViewRootImpl@7ce9c5e[MainActivity]: MSG_WINDOW_FOCUS_CHANGED 0 1
01-24 11:27:57.809  8935  8935 D InputMethodManager: prepareNavigationBarInfo() DecorView@67813a8[MainActivity]
01-24 11:27:57.809  8935  8935 D InputMethodManager: getNavigationBarColor() -855310
01-24 11:27:58.220  8935  8935 I System.out: #processData:,37.5472924, 127.0054315
01-24 11:27:58.220  8935  8935 I System.out: #out station :, -1
01-24 11:27:59.415  8935  8935 D ViewRootImpl@7ce9c5e[MainActivity]: Relayout returned: old=[0,0][720,1280] new=[0,0][720,1280] result=0x1 surface={false 0} changed=false
01-24 11:27:59.417  8935  8935 D ViewRootImpl@7ce9c5e[MainActivity]: stopped(false) old=true
01-24 11:27:59.531  8935  8935 D ViewRootImpl@7ce9c5e[MainActivity]: Relayout returned: old=[0,0][720,1280] new=[0,0][720,1280] result=0x7 surface={true 3789748224} changed=true
01-24 11:27:59.536  8935  8968 D mali_winsys: EGLint new_window_surface(egl_winsys_display *, void *, EGLSurface, EGLConfig, egl_winsys_surface **, EGLBoolean) returns 0x3000,  [720x1280]-format:1
01-24 11:27:59.536  8935  8968 D OpenGLRenderer: eglCreateWindowSurface = 0xe1c1a260, 0xe1e2f808
01-24 11:27:59.539  8935  8968 W libEGL  : EGLNativeWindowType 0xe1e2f808 disconnect failed
01-24 11:27:59.539  8935  8968 D OpenGLRenderer: eglDestroySurface = 0xe1c1a260, 0xe1e2f800
01-24 11:27:59.540  8935  8935 D ViewRootImpl@7ce9c5e[MainActivity]: stopped(true) old=false
01-24 11:27:59.578  8935  8935 D ViewRootImpl@7ce9c5e[MainActivity]: Relayout returned: old=[0,0][720,1280] new=[0,0][720,1280] result=0x5 surface={false 0} changed=true
01-24 11:27:59.940  8935  8935 D InputTransport: Input channel destroyed: fd=77
01-24 11:28:00.056  8935  8935 D ViewRootImpl@7ce9c5e[MainActivity]: Relayout returned: old=[0,0][720,1280] new=[0,0][720,1280] result=0x5 surface={false 0} changed=false
01-24 11:28:03.561  8935  8935 I System.out: #processData:,37.5457245, 127.0026952
01-24 11:28:03.561  8935  8935 I System.out: #out station :, -1
01-24 11:28:09.508  8935  8935 D ViewRootImpl@7ce9c5e[MainActivity]: Relayout returned: old=[0,0][720,1280] new=[0,0][720,1280] result=0x1 surface={false 0} changed=false
01-24 11:28:09.511  8935  8935 D ViewRootImpl@7ce9c5e[MainActivity]: stopped(false) old=true
01-24 11:28:09.523  8935  8935 D ViewRootImpl@7ce9c5e[MainActivity]: stopped(false) old=false
01-24 11:28:09.524  8935  8935 I System.out: #buildGoogleApiClient
01-24 11:28:09.540  8935  8935 I System.out: #connectGoogleClient: 0
01-24 11:28:09.540  8935  8935 I System.out: #connectGoogleClient 2: 0
01-24 11:28:09.574  8935  8935 D ViewRootImpl@7ce9c5e[MainActivity]: Relayout returned: old=[0,0][720,1280] new=[0,0][720,1280] result=0x7 surface={true 3789748224} changed=true
01-24 11:28:09.577  8935  8968 I ConfigStore: android::hardware::configstore::V1_0::ISurfaceFlingerConfigs::hasWideColorDisplay retrieved: 0
01-24 11:28:09.577  8935  8968 I ConfigStore: android::hardware::configstore::V1_0::ISurfaceFlingerConfigs::hasHDRDisplay retrieved: 0
01-24 11:28:09.578  8935  8968 I OpenGLRenderer: Initialized EGL, version 1.4
01-24 11:28:09.578  8935  8968 D OpenGLRenderer: Swap behavior 2
01-24 11:28:09.592  8935  8935 D ViewRootImpl@7ce9c5e[MainActivity]: MSG_WINDOW_FOCUS_CHANGED 1 1
01-24 11:28:09.592  8935  8968 D mali_winsys: EGLint new_window_surface(egl_winsys_display *, void *, EGLSurface, EGLConfig, egl_winsys_surface **, EGLBoolean) returns 0x3000,  [720x1280]-format:1
01-24 11:28:09.592  8935  8968 D OpenGLRenderer: eglCreateWindowSurface = 0xe1c19600, 0xe1e2f808
01-24 11:28:09.592  8935  8935 D InputMethodManager: prepareNavigationBarInfo() DecorView@67813a8[MainActivity]
01-24 11:28:09.593  8935  8935 D InputMethodManager: getNavigationBarColor() -855310
01-24 11:28:09.620  8935  8935 D InputMethodManager: prepareNavigationBarInfo() DecorView@67813a8[MainActivity]
01-24 11:28:09.620  8935  8935 D InputMethodManager: getNavigationBarColor() -855310
01-24 11:28:09.620  8935  8935 V InputMethodManager: Starting input: tba=com.skku.grad ic=null mNaviBarColor -855310 mIsGetNaviBarColorSuccess true , NavVisible : true , NavTrans : false
01-24 11:28:09.620  8935  8935 D InputMethodManager: startInputInner - Id : 0
01-24 11:28:09.620  8935  8935 I InputMethodManager: startInputInner - mService.startInputOrWindowGainedFocus
01-24 11:28:09.631  8935  8935 D InputTransport: Input channel constructed: fd=76
01-24 11:28:11.510  8935  8935 I System.out: #processData:,37.5446444, 127.0018825
01-24 11:28:11.510  8935  8935 I System.out: #out station :, -1
01-24 11:28:19.034  8935  8935 I System.out: #processData:,37.5441807, 127.0016227
01-24 11:28:19.034  8935  8935 I System.out: #out station :, -1
01-24 11:28:23.646  8935  8935 I System.out: #processData:,37.5442233, 127.0017938
01-24 11:28:23.646  8935  8935 I System.out: #out station :, -1
01-24 11:28:27.938  8935  8935 I System.out: #processData:,37.5431625, 127.0022711
01-24 11:28:27.938  8935  8935 I System.out: #out station :, -1
01-24 11:28:33.723  8935  8935 I System.out: #processData:,37.5418878, 127.0029562
01-24 11:28:33.723  8935  8935 I System.out: #out station :, -1
01-24 11:28:38.725  8935  8935 I System.out: #processData:,37.5418784, 127.0028095
01-24 11:28:38.726  8935  8935 I System.out: #out station :, -1
01-24 11:28:43.711  8935  8935 I System.out: #processData:,37.541926, 127.0026939
01-24 11:28:43.712  8935  8935 I System.out: #out station :, -1
01-24 11:28:48.774  8935  8935 I System.out: #processData:,37.5422081, 127.0027757
01-24 11:28:48.774  8935  8935 I System.out: #out station :, -1
01-24 11:28:53.731  8935  8935 I System.out: #processData:,37.5419795, 127.0029429
01-24 11:28:53.731  8935  8935 I System.out: #out station :, -1
01-24 11:28:58.725  8935  8935 I System.out: #processData:,37.5421753, 127.0028418
01-24 11:28:58.725  8935  8935 I System.out: #out station :, -1
01-24 11:29:03.839  8935  8935 I System.out: #processData:,37.542156, 127.0029448
01-24 11:29:03.839  8935  8935 I System.out: #out station :, -1
01-24 11:29:07.647  8935  8935 I System.out: #processData:,37.5421788, 127.002909
01-24 11:29:07.647  8935  8935 I System.out: #out station :, -1
01-24 11:29:13.793  8935  8935 I System.out: #processData:,37.5421436, 127.0029379
01-24 11:29:13.793  8935  8935 I System.out: #out station :, -1
01-24 11:29:18.795  8935  8935 I System.out: #processData:,37.5421453, 127.0028718
01-24 11:29:18.795  8935  8935 I System.out: #out station :, -1
01-24 11:29:23.902  8935  8935 I System.out: #processData:,37.5422749, 127.0026227
01-24 11:29:23.903  8935  8935 I System.out: #out station :, -1
01-24 11:29:28.955  8935  8935 I System.out: #processData:,37.5418329, 127.0030322
01-24 11:29:28.955  8935  8935 I System.out: #out station :, -1
01-24 11:29:34.352  8935  8935 I System.out: #processData:,37.5416876, 127.0033465
01-24 11:29:34.352  8935  8935 I System.out: #out station :, -1
01-24 11:29:39.290  8935  8935 I System.out: #processData:,37.5412207, 127.0033043
01-24 11:29:39.290  8935  8935 I System.out: #out station :, -1
01-24 11:29:44.333  8935  8935 I System.out: #processData:,37.5415061, 127.003321
01-24 11:29:44.333  8935  8935 I System.out: #out station :, -1
01-24 11:29:49.342  8935  8935 I System.out: #processData:,37.5401421, 127.0022505
01-24 11:29:49.342  8935  8935 I System.out: #out station :, -1
01-24 11:29:51.580  8935  8935 D ViewRootImpl@7ce9c5e[MainActivity]: ViewPostIme pointer 0
01-24 11:29:51.722  8935  8935 D ViewRootImpl@7ce9c5e[MainActivity]: ViewPostIme pointer 1
01-24 11:29:54.791  8935  8935 I System.out: #processData:,37.5392045, 127.003541
01-24 11:29:54.792  8935  8935 I System.out: #out station :, -1
01-24 11:29:59.424  8935  8935 I System.out: #processData:,37.5386594, 127.0037323
01-24 11:29:59.424  8935  8935 I System.out: #out station :, -1
01-24 11:30:04.404  8935  8935 I System.out: #processData:,37.5380921, 127.0043773
01-24 11:30:04.404  8935  8935 I System.out: #out station :, -1
01-24 11:30:09.392  8935  8935 I System.out: #processData:,37.5373804, 127.0045341
01-24 11:30:09.392  8935  8935 I System.out: #out station :, -1
01-24 11:30:14.375  8935  8935 I System.out: #processData:,37.5372682, 127.005284
01-24 11:30:14.375  8935  8935 I System.out: #out station :, -1
01-24 11:30:19.409  8935  8935 I System.out: #processData:,37.5370643, 127.0054488
01-24 11:30:19.409  8935  8935 I System.out: #out station :, -1
01-24 11:30:19.921  8935  8935 D ViewRootImpl@7ce9c5e[MainActivity]: ViewPostIme pointer 0
01-24 11:30:20.054  8935  8935 D ViewRootImpl@7ce9c5e[MainActivity]: ViewPostIme pointer 1
01-24 11:30:24.443  8935  8935 I System.out: #processData:,37.5364162, 127.0056731
01-24 11:30:24.443  8935  8935 I System.out: #out station :, -1
01-24 11:30:29.485  8935  8935 I System.out: #processData:,37.5356604, 127.0062977
01-24 11:30:29.485  8935  8935 I System.out: #out station :, -1
01-24 11:30:34.478  8935  8935 I System.out: #processData:,37.5355369, 127.0064722
01-24 11:30:34.478  8935  8935 I System.out: #out station :, -1
01-24 11:30:38.806  8935  8935 I System.out: #processData:,37.5345635, 127.0063034
01-24 11:30:38.806  8935  8935 I System.out: #out station :, -1
01-24 11:30:44.542  8935  8935 I System.out: #processData:,37.5339218, 127.006857
01-24 11:30:44.542  8935  8935 I System.out: #out station :, -1
01-24 11:30:49.758  8935  8935 I System.out: #processData:,37.5335503, 127.0073785
01-24 11:30:49.758  8935  8935 I System.out: #out station :, -1
01-24 11:30:54.573  8935  8935 I System.out: #processData:,37.5331735, 127.0081839
01-24 11:30:54.573  8935  8935 I System.out: #out station :, -1
01-24 11:30:59.624  8935  8935 I System.out: #processData:,37.5331723, 127.0082705
01-24 11:30:59.624  8935  8935 I System.out: #out station :, -1
01-24 11:31:04.833  8935  8935 I System.out: #processData:,37.5317442, 127.0086004
01-24 11:31:04.833  8935  8935 I System.out: #out station :, -1
01-24 11:31:09.586  8935  8935 I System.out: #processData:,37.5312207, 127.0089952
01-24 11:31:09.586  8935  8935 I System.out: #out station :, -1
01-24 11:31:14.578  8935  8935 I System.out: #processData:,37.5308166, 127.009279
01-24 11:31:14.578  8935  8935 I System.out: #out station :, -1
01-24 11:31:19.580  8935  8935 I System.out: #processData:,37.5332473, 127.0073615
01-24 11:31:19.580  8935  8935 I System.out: #out station :, -1
01-24 11:31:24.883  8935  8935 I System.out: #processData:,37.5313572, 127.0091683
01-24 11:31:24.883  8935  8935 I System.out: #out station :, -1
01-24 11:31:29.625  8935  8935 I System.out: #processData:,37.5332897, 127.0071886
01-24 11:31:29.625  8935  8935 I System.out: #out station :, -1
01-24 11:31:34.820  8935  8935 I System.out: #processData:,37.5313767, 127.009029
01-24 11:31:34.820  8935  8935 I System.out: #out station :, -1
01-24 11:31:39.801  8935  8935 I System.out: #processData:,37.5311057, 127.0087811
01-24 11:31:39.801  8935  8935 I System.out: #out station :, -1
01-24 11:31:44.942  8935  8935 I System.out: #processData:,37.5310324, 127.0101039
01-24 11:31:44.942  8935  8935 I System.out: #out station :, -1
01-24 11:31:49.806  8935  8935 I System.out: #processData:,37.5188942, 127.0070131
01-24 11:31:49.806  8935  8935 I System.out: #out station :, -1
01-24 11:31:54.882  8935  8935 I System.out: #processData:,37.5248822, 127.0164823
01-24 11:31:54.882  8935  8935 I System.out: #out station :, -1
01-24 11:31:59.863  8935  8935 I System.out: #processData:,37.5246242, 127.0159038
01-24 11:31:59.863  8935  8935 I System.out: #out station :, -1
01-24 11:32:04.630  8935  8935 I System.out: #processData:,37.5246248, 127.0158582
01-24 11:32:04.631  8935  8935 I System.out: #out station :, -1
01-24 11:32:09.726  8935  8935 I System.out: #processData:,37.5242711, 127.0157855
01-24 11:32:09.726  8935  8935 I System.out: #out station :, -1
01-24 11:32:14.703  8935  8935 I System.out: #processData:,37.5240388, 127.0156928
01-24 11:32:14.703  8935  8935 I System.out: #out station :, -1
01-24 11:32:19.772  8935  8935 I System.out: #processData:,37.5241912, 127.0157927
01-24 11:32:19.772  8935  8935 I System.out: #out station :, -1
01-24 11:32:20.098  8935  8935 D InputMethodManager: prepareNavigationBarInfo() DecorView@67813a8[MainActivity]
01-24 11:32:20.098  8935  8935 D InputMethodManager: getNavigationBarColor() -855310
01-24 11:32:20.099  8935  8935 V InputMethodManager: Starting input: tba=com.skku.grad ic=null mNaviBarColor -855310 mIsGetNaviBarColorSuccess true , NavVisible : true , NavTrans : false
01-24 11:32:20.101  8935  8935 D InputMethodManager: startInputInner - Id : 0
01-24 11:32:20.101  8935  8935 I InputMethodManager: startInputInner - mService.startInputOrWindowGainedFocus
01-24 11:32:20.115  8935  8935 D InputTransport: Input channel constructed: fd=77
01-24 11:32:20.116  8935  8935 D InputTransport: Input channel destroyed: fd=76
01-24 11:32:20.478  8935  8935 D ViewRootImpl@7ce9c5e[MainActivity]: stopped(true) old=false
01-24 11:32:21.278  8935  8968 W libEGL  : EGLNativeWindowType 0xe1e2f808 disconnect failed
01-24 11:32:21.279  8935  8968 D OpenGLRenderer: eglDestroySurface = 0xe1c19600, 0xe1e2f800
01-24 11:32:21.313  8935  8935 D ViewRootImpl@7ce9c5e[MainActivity]: Relayout returned: old=[0,0][720,1280] new=[0,0][720,1280] result=0x5 surface={false 0} changed=false
01-24 11:32:21.323  8935  8935 D ViewRootImpl@7ce9c5e[MainActivity]: MSG_WINDOW_FOCUS_CHANGED 0 1
01-24 11:32:21.323  8935  8935 D InputMethodManager: prepareNavigationBarInfo() DecorView@67813a8[MainActivity]
01-24 11:32:21.323  8935  8935 D InputMethodManager: getNavigationBarColor() -855310
01-24 11:32:24.487  8935  8935 I System.out: #processData:,37.5236892, 127.0160919
01-24 11:32:24.487  8935  8935 I System.out: #out station :, -1
01-24 11:34:32.856  8935  8935 D ViewRootImpl@7ce9c5e[MainActivity]: stopped(false) old=true
01-24 11:34:32.929  8935  8935 D ViewRootImpl@7ce9c5e[MainActivity]: stopped(false) old=false
01-24 11:34:32.932  8935  8935 I System.out: #buildGoogleApiClient
01-24 11:34:32.978  8935  8935 I System.out: #connectGoogleClient: 0
01-24 11:34:32.978  8935  8935 I System.out: #connectGoogleClient 2: 0
01-24 11:34:33.020  8935  8935 D ViewRootImpl@7ce9c5e[MainActivity]: Relayout returned: old=[0,0][720,1280] new=[0,0][720,1280] result=0x7 surface={true 3906891776} changed=true
01-24 11:34:33.034  8935  8968 D mali_winsys: EGLint new_window_surface(egl_winsys_display *, void *, EGLSurface, EGLConfig, egl_winsys_surface **, EGLBoolean) returns 0x3000,  [720x1280]-format:1
01-24 11:34:33.035  8935  8968 D OpenGLRenderer: eglCreateWindowSurface = 0xe1c19600, 0xe8de7008
01-24 11:34:33.183  8935  8935 D ViewRootImpl@7ce9c5e[MainActivity]: MSG_WINDOW_FOCUS_CHANGED 1 1
01-24 11:34:33.184  8935  8935 D InputMethodManager: prepareNavigationBarInfo() DecorView@67813a8[MainActivity]
01-24 11:34:33.184  8935  8935 D InputMethodManager: getNavigationBarColor() -855310
01-24 11:34:37.474  8935  8935 I System.out: #processData:,37.5079018, 127.0161729
01-24 11:34:37.475  8935  8935 I System.out: #out station :, -1
01-24 11:34:41.182  8935  8935 I System.out: #processData:,37.5078218, 127.016302
01-24 11:34:41.182  8935  8935 I System.out: #out station :, -1
01-24 11:34:47.064  8935  8935 I System.out: #processData:,37.5077005, 127.0165498
01-24 11:34:47.065  8935  8935 I System.out: #out station :, -1
01-24 11:34:52.125  8935  8935 I System.out: #processData:,37.5075648, 127.0170619
01-24 11:34:52.126  8935  8935 I System.out: #out station :, -1
01-24 11:34:56.032  8935  8935 I System.out: #processData:,37.5073636, 127.0173716
01-24 11:34:56.032  8935  8935 I System.out: #out station :, -1
01-24 11:35:02.103  8935  8935 I System.out: #processData:,37.5074389, 127.0174269
01-24 11:35:02.103  8935  8935 I System.out: #out station :, -1
01-24 11:35:07.415  8935  8935 I System.out: #processData:,37.5070511, 127.0172962
01-24 11:35:07.415  8935  8935 I System.out: #out station :, -1
01-24 11:35:12.294  8935  8935 I System.out: #processData:,37.506474, 127.0169542
01-24 11:35:12.294  8935  8935 I System.out: #out station :, -1
01-24 11:35:17.170  8935  8935 I System.out: #processData:,37.5058877, 127.0179197
01-24 11:35:17.170  8935  8935 I System.out: #out station :, -1
01-24 11:35:22.368  8935  8935 I System.out: #processData:,37.506009, 127.0180649
01-24 11:35:22.368  8935  8935 I System.out: #out station :, -1
01-24 11:35:27.276  8935  8935 I System.out: #processData:,37.5072072, 127.0170669
01-24 11:35:27.276  8935  8935 I System.out: #out station :, -1
01-24 11:35:31.091  8935  8935 I System.out: #processData:,37.507767, 127.0165692
01-24 11:35:31.091  8935  8935 I System.out: #out station :, -1
01-24 11:35:37.464  8935  8935 I System.out: #processData:,37.5060535, 127.0177897
01-24 11:35:37.464  8935  8935 I System.out: #out station :, -1
01-24 11:35:42.217  8935  8935 I System.out: #processData:,37.5057172, 127.0180656
01-24 11:35:42.217  8935  8935 I System.out: #out station :, -1
01-24 11:35:47.417  8935  8935 I System.out: #processData:,37.5051697, 127.0184448
01-24 11:35:47.417  8935  8935 I System.out: #out station :, -1
01-24 11:35:52.434  8935  8935 I System.out: #processData:,37.5064186, 127.0210538
01-24 11:35:52.434  8935  8935 I System.out: #out station :, -1
01-24 11:35:57.314  8935  8935 I System.out: #processData:,37.5045592, 127.018688
01-24 11:35:57.314  8935  8935 I System.out: #out station :, -1
01-24 11:36:01.984  8935  8935 D ViewRootImpl@7ce9c5e[MainActivity]: MSG_WINDOW_FOCUS_CHANGED 0 1
01-24 11:36:01.985  8935  8935 D InputMethodManager: prepareNavigationBarInfo() DecorView@67813a8[MainActivity]
01-24 11:36:01.985  8935  8935 D InputMethodManager: getNavigationBarColor() -855310
01-24 11:36:02.038  8935  8935 D ViewRootImpl@7ce9c5e[MainActivity]: stopped(true) old=false
01-24 11:36:02.107  8935  8968 W libEGL  : EGLNativeWindowType 0xe8de7008 disconnect failed
01-24 11:36:02.107  8935  8968 D OpenGLRenderer: eglDestroySurface = 0xe1c19600, 0xe8de7000
01-24 11:36:02.145  8935  8935 D ViewRootImpl@7ce9c5e[MainActivity]: Relayout returned: old=[0,0][720,1280] new=[0,0][720,1280] result=0x5 surface={false 0} changed=true
01-24 11:36:02.401  8935  8935 D InputTransport: Input channel destroyed: fd=77
01-24 11:36:02.440  8935  8935 I System.out: #processData:,37.5064079, 127.0210447
01-24 11:36:02.440  8935  8935 I System.out: #out station :, -1
01-24 11:36:02.618  8935  8935 D ViewRootImpl@7ce9c5e[MainActivity]: Relayout returned: old=[0,0][720,1280] new=[0,0][720,1280] result=0x1 surface={false 0} changed=false
